// Jest Snapshot v1, https://goo.gl/fbAQLP

exports[`<Text> global render should render 1`] = `
.c0 {
  font-family: 'Source Sans Pro',Helvetica,Arial,sans-serif;
  font-weight: 500;
  line-height: 1.125rem;
  font-size: 1rem;
  display: -webkit-box;
  display: -webkit-flex;
  display: -ms-flexbox;
  display: flex;
}

<styled.span>
  <StyledComponent
    forwardedComponent={
      Object {
        "$$typeof": Symbol(react.forward_ref),
        "attrs": Array [],
        "componentStyle": ComponentStyle {
          "componentId": "sc-bdVaJa",
          "isStatic": false,
          "lastClassName": "c0",
          "rules": Array [
            "
  ",
            "
  font-family: 'Source Sans Pro', Helvetica, Arial, sans-serif;
",
            "
  font-weight: 500;
  line-height: 1.125rem;
  font-size: ",
            [Function],
            ";
  display: flex;
",
          ],
        },
        "displayName": "styled.span",
        "foldedComponentIds": Array [],
        "render": [Function],
        "styledComponentId": "sc-bdVaJa",
        "target": "span",
        "toString": [Function],
        "warnTooManyClasses": [Function],
        "withComponent": [Function],
      }
    }
    forwardedRef={null}
  >
    <span
      className="c0"
    />
  </StyledComponent>
</styled.span>
`;
