// Jest Snapshot v1, https://goo.gl/fbAQLP

exports[`<Text> global render should render 1`] = `
.c0 {
  font-family: 'Public Sans','Helvetica Neue',Helvetica,Arial, 'Lucida Grande',sans-serif;
  font-weight: 600;
}

<styled.span>
  <StyledComponent
    forwardedComponent={
      Object {
        "$$typeof": Symbol(react.forward_ref),
        "attrs": Array [],
        "componentStyle": ComponentStyle {
          "componentId": "sc-bdVaJa",
          "isStatic": true,
          "lastClassName": "c0",
          "rules": Array [
            "
  ",
            "
  @import url('https://fonts.googleapis.com/css?family=Public+Sans:400,500,600&display=swap');
  font-family: 'Public Sans', 'Helvetica Neue', Helvetica, Arial,
    'Lucida Grande', sans-serif;
",
            "
  font-weight: 600;
",
          ],
        },
        "displayName": "styled.span",
        "foldedComponentIds": Array [],
        "render": [Function],
        "styledComponentId": "sc-bdVaJa",
        "target": "span",
        "toString": [Function],
        "warnTooManyClasses": [Function],
        "withComponent": [Function],
      }
    }
    forwardedRef={null}
  >
    <span
      className="c0"
    />
  </StyledComponent>
</styled.span>
`;
